#-----------------------------------------------------------
# Vivado v2019.2.1 (64-bit)
# SW Build 2729669 on Thu Dec  5 04:49:17 MST 2019
# IP Build 2729494 on Thu Dec  5 07:38:25 MST 2019
# Start of session at: Fri May 29 15:50:54 2020
# Process ID: 15848
# Current directory: C:/Users/djste/Documents/GitHub/axi2spi
# Command line: vivado.exe -gui_launcher_event rodinguilauncherevent11680 C:\Users\djste\Documents\GitHub\axi2spi\axi2spi.xpr
# Log file: C:/Users/djste/Documents/GitHub/axi2spi/vivado.log
# Journal file: C:/Users/djste/Documents/GitHub/axi2spi\vivado.jou
#-----------------------------------------------------------
start_gui
open_project C:/Users/djste/Documents/GitHub/axi2spi/axi2spi.xpr
launch_simulation
open_wave_config C:/Users/djste/Documents/GitHub/axi2spi/AXI_RD_tb_behav.wcfg
source AXI_RD_tb.tcl
set_property is_enabled true [get_files  C:/Users/djste/Documents/GitHub/axi2spi/axi2spi.srcs/sources_1/new/AXI_2_SPI_tb.vhd]
close_sim
launch_simulation
open_wave_config C:/Users/djste/Documents/GitHub/axi2spi/AXI_RD_tb_behav.wcfg
source AXI_RD_tb.tcl
set_property is_enabled false [get_files  C:/Users/djste/Documents/GitHub/axi2spi/axi2spi.srcs/sources_1/new/AXI_2_SPI_tb.vhd]
close_sim
launch_simulation
launch_simulation
open_wave_config C:/Users/djste/Documents/GitHub/axi2spi/AXI_RD_tb_behav.wcfg
source AXI_RD_tb.tcl
close_sim
